// Jest Snapshot v1, https://goo.gl/fbAQLP

exports[`render tests renders correctly - snapshot test 1`] = `<MarkerIcon />`;
